Modulo Point:

ghci> newP 3 4
Poi 3 4
ghci> difP (newP 3 4) (newP 5 6)
2.828427

Modulo City:

ghci> bsas = newC "Buenos Aires" (newP 3 4)
ghci> nameC bsas
"Buenos Aires"
ghci> lanus = newC "Lanus" (newP 6 8)
ghci> distanceC bsas lanus
5.0

Modulo Quality:

ghci> canalA = newQ "CanalA" 5 3.8
ghci> capacityQ canalA
5
ghci> delayQ canalA
3.8

Modulo Link:

ghci> avellaneda = newC "Avellaneda" (newP 3 4)
ghci> lanus = newC "Lanus" (newP 6 8)
ghci> qualityAL = newQ "CanalAL" 4 8.7
ghci> linkAL = newL avellaneda lanus qualityAL
ghci> connectsL avellaneda linkAL
True
ghci> lomasdezamora = newC "Lomas de Zamora" (newP 9 12)
ghci> connectsL lomasdezamora linkAL
False
ghci> linksL avellaneda lanus linkAL
True
ghci> linksL avellaneda lomasdezamora linkAL
False
ghci> capacityL linkAL
4
ghci> delayL linkAL
8.7


Modulo Tunel: 

ghci> avellaneda = newC "Avellaneda" (newP 3 4) ; lanus = newC "Lanus" (newP 6 8) ; banfield = newC "Banfield" (newP 12 16); 
lomasdezamora = newC "Lomas de Zamora" (newP 9 12); canalSur = newQ "Canal Sur" 4 8.23; canalOeste = newQ "Canal Oeste" 6 10.27;
linkSur = newL avellaneda lanus canalSur; linkSur2 = newL avellaneda lomasdezamora canalOeste;
linkOeste = newL avellaneda banfield canalOeste; linkOeste2 = newL banfield lanus canalSur ; tunelSur = newT [linkSur, linkSur2] ;
tunelOeste = newT [linkOeste , linkOeste2]
ghci> connectsT avellaneda lanus tunelSur
True
ghci> connectsT lomasdezamora banfield tunelSur
False
ghci> connectsT lomasdezamora banfield tunelOeste
False
ghci> connectsT lanus banfield tunelOeste
True
ghci> connectsT banfield avellaneda tunelOeste
True
ghci> usesT linkSur tunelSur
True
ghci> usesT linkOeste tunelSur
False
ghci> usesT linkOeste2 tunelOeste
True
ghci> usesT linkSur2 tunelOeste
False
ghci> delayT tunelSur
18.5
ghci> delayT tunelOeste
18.5

Modulo Region: 
avellaneda = newC "Avellaneda" (newP 3 4) ; lanus = newC "Lanus" (newP 6 8) ; banfield = newC "Banfield" (newP 12 16); 
lomasdezamora = newC "Lomas de Zamora" (newP 9 12); canalSur = newQ "Canal Sur" 4 8.23; canalOeste = newQ "Canal Oeste" 6 10.27;
linkSur = newL avellaneda lanus canalSur; linkSur2 = newL avellaneda lomasdezamora canalOeste;
linkOeste = newL avellaneda banfield canalOeste; linkOeste2 = newL banfield lanus canalSur ; tunelSur = newT [linkSur, linkSur2] ;
tunelOeste = newT [linkOeste , linkOeste2]

buenosaires = newR
ghci> buenosaires1 = foundR buenosaires lanus
ghci> buenosaires2 = foundR buenosaires1 avellaneda
ghci> buenosaires3 = foundR buenosaires2 banfield
ghci> buenosaires4 = foundR buenosaires3 lomasdezamora
ghci> buenosaires4
Reg [Cit "Lomas de Zamora" (Poi 9 12),Cit "Banfield" (Poi 12 16),Cit "Avellaneda" (Poi 3 4),Cit "Lanus" (Poi 6 8)] [] []
ghci> 

ghci> cordoba = newR `foundR` avellaneda `foundR` lanus `foundR` banfield `foundR` lomasdezamora
ghci> cordoba
Reg [Cit "Lomas de Zamora" (Poi 9 12),Cit "Banfield" (Poi 12 16),Cit "Lanus" (Poi 6 8),Cit "Avellaneda" (Poi 3 4)] [] []
ghci> 
cordoba1 = linkR cordoba avellaneda lanus canalSur ; cordoba2 = linkR cordoba1 avellaneda banfield canalOeste; cordoba3 = linkR cordoba2 banfield lomasdezamora canalSur
cordoba4 = linkR cordoba3 banfield lomasdezamora canalSur


c1 = newC "Avellaneda" (newP 3 4) ; c2 = newC "Lanus" (newP 6 8) ; c3 = newC "Banfield" (newP 12 16); c4 = newC "Lomas de Zamora" (newP 9 12); cS = newQ "Canal Sur" 4 8.23; cO = newQ "Canal Oeste" 6 10.27; lS = newL c1 c2 cS; lS2 = newL c2 c3 cO;lO = newL c3 c4 cO; lO2 = newL c4 c1 cS ; bsas = newR; bsas1 = foundR bsas c1; bsas2 = foundR bsas1 c2; bsas3 = foundR bsas2 c3; bsas4 = foundR bsas3 c4; bsas5 = linkR bsas4 c1 c2 cS; bsas6 = linkR bsas5 c2 c3 cS; bsas7 = linkR bsas6 c3 c4 cO; bsas8 = tunelR bsas7 [c1,c2];bsas9 = tunelR bsas8 [c1,c2,c3,c4]; bsas10 = tunelR bsas9 [c3,c4]; bsas13 = tunelR bsas10 [c2,c3];
 ghci> connectedR bsas13 c2 c3
True
ghci> c5 = newC "Quilmes" (newP 15 20)
ghci> c5
Cit "Quilmes" (Poi 15 20)
ghci> connectedR bsas13 c5 c1
False
ghci> bsas14 = tunelR bsas13 [c2,c3]
ghci> bsas14
*** Exception: Ya existe este Tunel
CallStack (from HasCallStack):
  error, called at Region.hs:43:37 in main:Region

ghci> linkedR bsas13 c1 c4
False
ghci> linkedR bsas13 c1 c2
True